// Jest Snapshot v1, https://goo.gl/fbAQLP

exports[`Example should autocapture taps 1`] = `
Array [
  Object {
    "attr_class": Array [],
    "attributes": Object {
      "accessible": true,
      "allowFontScaling": true,
      "children": "I have the property \\"ph-label\\" which means touching me will be autocaptured with a specific label",
      "ellipsizeMode": "tail",
      "isHighlighted": false,
      "ph-label": "special-text",
      "testID": "example-ph-label",
    },
    "nth_child": 0,
    "nth_of_type": 0,
    "order": 0,
    "tag_name": "special-text",
  },
  Object {
    "attr_class": Array [],
    "attributes": Object {
      "children": "I have the property \\"ph-label\\" which means touching me will be autocaptured with a specific label",
      "ph-label": "special-text",
      "testID": "example-ph-label",
    },
    "nth_child": 0,
    "nth_of_type": 0,
    "order": 0,
    "tag_name": "special-text",
  },
  Object {
    "attr_class": Array [],
    "attributes": Object {
      "children": "I have the property \\"ph-label\\" which means touching me will be autocaptured with a specific label",
      "darkColor": "rgba(255,255,255,0.8)",
      "lightColor": "rgba(0,0,0,0.8)",
      "ph-label": "special-text",
      "testID": "example-ph-label",
    },
    "nth_child": 0,
    "nth_of_type": 0,
    "order": 0,
    "tag_name": "special-text",
  },
  Object {
    "attr_class": Array [],
    "attributes": Object {},
    "nth_child": 0,
    "nth_of_type": 0,
    "order": 0,
    "tag_name": "View",
  },
  Object {
    "attr_class": Array [],
    "attributes": Object {},
    "nth_child": 0,
    "nth_of_type": 0,
    "order": 0,
    "tag_name": "View",
  },
  Object {
    "attr_class": Array [],
    "attributes": Object {},
    "nth_child": 0,
    "nth_of_type": 0,
    "order": 0,
    "tag_name": "View",
  },
  Object {
    "attr_class": Array [],
    "attributes": Object {},
    "nth_child": 0,
    "nth_of_type": 0,
    "order": 0,
    "tag_name": "View",
  },
  Object {
    "attr_class": Array [],
    "attributes": Object {
      "accessibilityElementsHidden": false,
      "importantForAccessibility": "auto",
    },
    "nth_child": 0,
    "nth_of_type": 0,
    "order": 0,
    "tag_name": "View",
  },
  Object {
    "attr_class": Array [],
    "attributes": Object {},
    "nth_child": 0,
    "nth_of_type": 0,
    "order": 0,
    "tag_name": "View",
  },
  Object {
    "attr_class": Array [],
    "attributes": Object {},
    "nth_child": 0,
    "nth_of_type": 0,
    "order": 0,
    "tag_name": "SafeAreaInsetsContext",
  },
  Object {
    "attr_class": Array [],
    "attributes": Object {},
    "nth_child": 0,
    "nth_of_type": 0,
    "order": 0,
    "tag_name": "View",
  },
  Object {
    "attr_class": Array [],
    "attributes": Object {},
    "nth_child": 0,
    "nth_of_type": 0,
    "order": 0,
    "tag_name": "View",
  },
  Object {
    "attr_class": Array [],
    "attributes": Object {},
    "nth_child": 0,
    "nth_of_type": 0,
    "order": 0,
    "tag_name": "SafeAreaInsetsContext",
  },
  Object {
    "attr_class": Array [],
    "attributes": Object {},
    "nth_child": 0,
    "nth_of_type": 0,
    "order": 0,
    "tag_name": "View",
  },
  Object {
    "attr_class": Array [],
    "attributes": Object {
      "collapsable": true,
      "pointerEvents": "box-none",
    },
    "nth_child": 0,
    "nth_of_type": 0,
    "order": 0,
    "tag_name": "View",
  },
  Object {
    "attr_class": Array [],
    "attributes": Object {
      "pointerEvents": "box-none",
    },
    "nth_child": 0,
    "nth_of_type": 0,
    "order": 0,
    "tag_name": "View",
  },
  Object {
    "attr_class": Array [],
    "attributes": Object {},
    "nth_child": 0,
    "nth_of_type": 0,
    "order": 0,
    "tag_name": "main(RootComponent)",
  },
]
`;
